<script src="/dist/index.js" seq="1" color="blue"></script>

<script src="/dist/index1.js" seq="2" color="red"></script>

<script src="/dist/index2.js" seq="1" color="yellow"></script>

<script src="/dist/index3.js" seq="3" color="pink"></script>