<link rel="stylesheet" href="style.css?t=1440587840169"/>

<script src="app.js?t=1440587840169"></script>