<script src="js/lib.js"></script><script src="js/main.js"></script>
