<link rel="stylesheet" href="css/clear.css"/><link rel="stylesheet" href="css/main.css"/>
