<link rel="stylesheet" href="output-path/style.css"/>